// Jest Snapshot v1, https://goo.gl/fbAQLP

exports[`renders a snapshot 1`] = `
<a
  className={undefined}
  href="/files?_page=1"
  onClick={[Function]}
  style={undefined}
>
  My Files
</a>
`;
